// Vitest Snapshot v1, https://vitest.dev/guide/snapshot.html

exports[`security HTTP parity > lists open lots oldest first 1`] = `
[
  {
    "accountId": 1,
    "accountName": "Brokerage",
    "acquiredDate": "2024-01-02",
    "basisCents": 52500,
    "lotId": 2,
    "sharesMicros": 5000000,
  },
  {
    "accountId": 3,
    "accountName": "Closed Brokerage",
    "acquiredDate": "2024-02-29",
    "basisCents": 20100,
    "lotId": 6,
    "sharesMicros": 2000000,
  },
]
`;

exports[`security HTTP parity > lists securities by name with book-wide positions and asset-leg income 1`] = `
[
  {
    "costBasisCents": 250,
    "fetchPrices": true,
    "fixedPriceMicros": 1000000,
    "id": 2,
    "incomeCents": 0,
    "marketValueCents": 250,
    "name": "Bond Fund",
    "priceDate": "<today>",
    "priceMicros": 1000000,
    "securityType": "mutual_fund",
    "sharesMicros": 2500000,
    "symbol": "BND",
  },
  {
    "costBasisCents": 0,
    "fetchPrices": false,
    "fixedPriceMicros": null,
    "id": 3,
    "incomeCents": 0,
    "marketValueCents": null,
    "name": "Idle Stock",
    "priceDate": null,
    "priceMicros": null,
    "securityType": "stock",
    "sharesMicros": 0,
    "symbol": "IDLE",
  },
  {
    "costBasisCents": 72600,
    "fetchPrices": true,
    "fixedPriceMicros": null,
    "id": 1,
    "incomeCents": 950,
    "marketValueCents": 36100,
    "name": "Vanguard Total",
    "priceDate": "2025-06-02",
    "priceMicros": 120333333,
    "securityType": "etf",
    "sharesMicros": 3000000,
    "symbol": "VTI",
  },
]
`;

exports[`security HTTP parity > pages investment splits and adds the cash amount of income rows > first page 1`] = `
{
  "hasMore": true,
  "splits": [
    {
      "accountId": 1,
      "accountName": "Brokerage",
      "action": "dividend",
      "cashAmountCents": 950,
      "feesCents": 0,
      "id": 15,
      "priceMicros": 0,
      "sharesMicros": 0,
      "splitDenominator": null,
      "splitNumerator": null,
      "transactionDate": "2025-05-01",
      "transactionDescription": "VTI dividend",
      "transactionId": 15,
    },
    {
      "accountId": 2,
      "accountName": "IRA",
      "action": "sell",
      "feesCents": 1,
      "id": 8,
      "priceMicros": 115000000,
      "sharesMicros": 10000000,
      "splitDenominator": null,
      "splitNumerator": null,
      "transactionDate": "2025-04-01",
      "transactionDescription": "sell 2025-04-01",
      "transactionId": 8,
    },
    {
      "accountId": 1,
      "accountName": "Brokerage",
      "action": "sell",
      "feesCents": 3,
      "id": 6,
      "priceMicros": 110000000,
      "sharesMicros": 24000000,
      "splitDenominator": null,
      "splitNumerator": null,
      "transactionDate": "2025-03-05",
      "transactionDescription": "sell 2025-03-05",
      "transactionId": 6,
    },
  ],
  "totalCount": 14,
}
`;

exports[`security HTTP parity > pages investment splits and adds the cash amount of income rows > last page 1`] = `
{
  "hasMore": false,
  "splits": [
    {
      "accountId": 1,
      "accountName": "Brokerage",
      "action": "buy",
      "feesCents": 0,
      "id": 2,
      "priceMicros": 210000000,
      "sharesMicros": 5000000,
      "splitDenominator": null,
      "splitNumerator": null,
      "transactionDate": "2024-01-02",
      "transactionDescription": "buy 2024-01-02",
      "transactionId": 2,
    },
    {
      "accountId": 1,
      "accountName": "Brokerage",
      "action": "buy",
      "feesCents": 5,
      "id": 1,
      "priceMicros": 200000000,
      "sharesMicros": 10000000,
      "splitDenominator": null,
      "splitNumerator": null,
      "transactionDate": "2024-01-02",
      "transactionDescription": "buy 2024-01-02",
      "transactionId": 1,
    },
  ],
  "totalCount": 14,
}
`;

exports[`security HTTP parity > reads, updates, and deletes one security with the Node errors > read 1`] = `
{
  "bookId": 1,
  "createdAt": "<timestamp>",
  "fetchPrices": false,
  "fixedPriceMicros": null,
  "id": 3,
  "name": "Idle Stock",
  "securityType": "stock",
  "symbol": "IDLE",
}
`;

exports[`security HTTP parity > returns detail with per-account positions, lot basis, and newest-first splits > bnd 1`] = `
{
  "positionsByAccount": [
    {
      "accountId": 1,
      "accountName": "Brokerage",
      "costBasisCents": 250,
      "isActive": true,
      "marketValueCents": 250,
      "sharesMicros": 2500000,
    },
  ],
  "security": {
    "bookId": 1,
    "createdAt": "<timestamp>",
    "fetchPrices": true,
    "fixedPriceMicros": 1000000,
    "id": 2,
    "latestPriceDate": "<today>",
    "latestPriceMicros": 1000000,
    "name": "Bond Fund",
    "securityType": "mutual_fund",
    "symbol": "BND",
  },
  "splits": [
    {
      "accountId": 1,
      "accountName": "Brokerage",
      "action": "buy",
      "feesCents": 0,
      "id": 14,
      "priceMicros": 1000000,
      "sharesMicros": 2500000,
      "splitDenominator": null,
      "splitNumerator": null,
      "transactionDate": "<today>",
      "transactionDescription": "buy 2020-01-01",
      "transactionId": 14,
    },
  ],
}
`;

exports[`security HTTP parity > returns detail with per-account positions, lot basis, and newest-first splits > vti 1`] = `
{
  "positionsByAccount": [
    {
      "accountId": 1,
      "accountName": "Brokerage",
      "costBasisCents": 52500,
      "isActive": true,
      "marketValueCents": 60167,
      "sharesMicros": 5000000,
    },
    {
      "accountId": 3,
      "accountName": "Closed Brokerage",
      "costBasisCents": 20100,
      "isActive": false,
      "marketValueCents": 24067,
      "sharesMicros": 2000000,
    },
  ],
  "security": {
    "bookId": 1,
    "createdAt": "<timestamp>",
    "fetchPrices": true,
    "fixedPriceMicros": null,
    "id": 1,
    "latestPriceDate": "2025-06-02",
    "latestPriceMicros": 120333333,
    "name": "Vanguard Total",
    "securityType": "etf",
    "symbol": "VTI",
  },
  "splits": [
    {
      "accountId": 1,
      "accountName": "Brokerage",
      "action": "dividend",
      "feesCents": 0,
      "id": 15,
      "priceMicros": 0,
      "sharesMicros": 0,
      "splitDenominator": null,
      "splitNumerator": null,
      "transactionDate": "2025-05-01",
      "transactionDescription": "VTI dividend",
      "transactionId": 15,
    },
    {
      "accountId": 2,
      "accountName": "IRA",
      "action": "sell",
      "feesCents": 1,
      "id": 8,
      "priceMicros": 115000000,
      "sharesMicros": 10000000,
      "splitDenominator": null,
      "splitNumerator": null,
      "transactionDate": "2025-04-01",
      "transactionDescription": "sell 2025-04-01",
      "transactionId": 8,
    },
    {
      "accountId": 1,
      "accountName": "Brokerage",
      "action": "sell",
      "feesCents": 3,
      "id": 6,
      "priceMicros": 110000000,
      "sharesMicros": 24000000,
      "splitDenominator": null,
      "splitNumerator": null,
      "transactionDate": "2025-03-05",
      "transactionDescription": "sell 2025-03-05",
      "transactionId": 6,
    },
    {
      "accountId": 3,
      "accountName": "Closed Brokerage",
      "action": "sell",
      "feesCents": 0,
      "id": 13,
      "priceMicros": 112000000,
      "sharesMicros": 1000000,
      "splitDenominator": null,
      "splitNumerator": null,
      "transactionDate": "2025-03-02",
      "transactionDescription": "sell 2025-03-02",
      "transactionId": 13,
    },
    {
      "accountId": 3,
      "accountName": "Closed Brokerage",
      "action": "sell",
      "feesCents": 0,
      "id": 12,
      "priceMicros": 112000000,
      "sharesMicros": 1000000,
      "splitDenominator": null,
      "splitNumerator": null,
      "transactionDate": "2025-03-01",
      "transactionDescription": "sell 2025-03-01",
      "transactionId": 12,
    },
    {
      "accountId": 3,
      "accountName": "Closed Brokerage",
      "action": "sell",
      "feesCents": 0,
      "id": 11,
      "priceMicros": 112000000,
      "sharesMicros": 1000000,
      "splitDenominator": null,
      "splitNumerator": null,
      "transactionDate": "2025-02-21",
      "transactionDescription": "sell 2025-02-21",
      "transactionId": 11,
    },
    {
      "accountId": 3,
      "accountName": "Closed Brokerage",
      "action": "sell",
      "feesCents": 0,
      "id": 10,
      "priceMicros": 112000000,
      "sharesMicros": 1000000,
      "splitDenominator": null,
      "splitNumerator": null,
      "transactionDate": "2025-02-20",
      "transactionDescription": "sell 2025-02-20",
      "transactionId": 10,
    },
    {
      "accountId": 1,
      "accountName": "Brokerage",
      "action": "sell",
      "feesCents": 0,
      "id": 7,
      "priceMicros": 105000000,
      "sharesMicros": 1000000,
      "splitDenominator": null,
      "splitNumerator": null,
      "transactionDate": "2024-09-10",
      "transactionDescription": "sell 2024-09-10",
      "transactionId": 7,
    },
    {
      "accountId": null,
      "accountName": "All Accounts",
      "action": "split",
      "feesCents": 0,
      "id": 5,
      "priceMicros": 0,
      "sharesMicros": 0,
      "splitDenominator": 1,
      "splitNumerator": 2,
      "transactionDate": "2024-03-01",
      "transactionDescription": "split 2024-03-01",
      "transactionId": 5,
    },
    {
      "accountId": 3,
      "accountName": "Closed Brokerage",
      "action": "buy",
      "feesCents": 0,
      "id": 9,
      "priceMicros": 201000000,
      "sharesMicros": 2000000,
      "splitDenominator": null,
      "splitNumerator": null,
      "transactionDate": "2024-02-29",
      "transactionDescription": "buy 2024-02-29",
      "transactionId": 9,
    },
    {
      "accountId": 3,
      "accountName": "Closed Brokerage",
      "action": "buy",
      "feesCents": 0,
      "id": 4,
      "priceMicros": 199000000,
      "sharesMicros": 1000000,
      "splitDenominator": null,
      "splitNumerator": null,
      "transactionDate": "2024-02-20",
      "transactionDescription": "buy 2024-02-20",
      "transactionId": 4,
    },
    {
      "accountId": 2,
      "accountName": "IRA",
      "action": "buy",
      "feesCents": 0,
      "id": 3,
      "priceMicros": 205000000,
      "sharesMicros": 3000000,
      "splitDenominator": null,
      "splitNumerator": null,
      "transactionDate": "2024-02-15",
      "transactionDescription": "buy 2024-02-15",
      "transactionId": 3,
    },
    {
      "accountId": 1,
      "accountName": "Brokerage",
      "action": "buy",
      "feesCents": 0,
      "id": 2,
      "priceMicros": 210000000,
      "sharesMicros": 5000000,
      "splitDenominator": null,
      "splitNumerator": null,
      "transactionDate": "2024-01-02",
      "transactionDescription": "buy 2024-01-02",
      "transactionId": 2,
    },
    {
      "accountId": 1,
      "accountName": "Brokerage",
      "action": "buy",
      "feesCents": 5,
      "id": 1,
      "priceMicros": 200000000,
      "sharesMicros": 10000000,
      "splitDenominator": null,
      "splitNumerator": null,
      "transactionDate": "2024-01-02",
      "transactionDescription": "buy 2024-01-02",
      "transactionId": 1,
    },
  ],
}
`;
